------------------------------ Scenario Screen -------- [1-9]: Change Screen --
  Call rate (length)   Port   Total-time  Total-calls  Remote-host
  10.0(0 ms)/1.000s   5060      10.10 s            1  172.16.30.15:5090(UDP)

  Call limit 1 hit, 0.0 s period          0 ms scheduler resolution            
  0 calls (limit 300)                     Peak was 1 calls, after 0 s
  0 Running, 4 Paused, 37 Woken up
  0 dead call msg (discarded)             0 out-of-call msg (discarded)
  0 open sockets                          0/0/0 UDP errors (send/recv/cong)
  0 open sockets                          0/0/0 UDP errors (send/recv/cong)

                                 Messages  Retrans   Timeout   Unexpected-Msg
0 :      INVITE ---------->         1         0         0                            
1 :         100 <----------         1         0         0         0                  
2 :         180 <----------         0         0         0         1                  
3 :         183 <----------         0         0         0         0                  
4 :         401 <----------         0         0         0         0                  
5 :         407 <----------         0         0         0         0                  
6 :         200 <----------         0         0         0         0                  
7 :              [ NOP ]              
8 :         ACK ---------->         0         0                                      
9 :      INVITE ---------->         0         0         0                            
10:         100 <----------         0         0         0         0                  
11:         180 <----------         0         0         0         0                  
12:         183 <----------         0         0         0         0                  
13:         200 <----------         0         0         0         0                  
14:         ACK ---------->         0         0                                      
15:       Pause [   5000ms]         0                             0        
16:         BYE ---------->         0         0                                      
17:         200 <----------         0         0         0         0                  
18:              [ NOP ]              
19:         ACK ---------->         0         0                                      
20:       Pause [   5000ms]         0                             0        
21:         BYE ---------->         0         0                                      
22:         200 <----------         0         0         0         0                  
------------------------------ Test Terminated --------------------------------
----------------------------- Statistics Screen ------- [1-9]: Change Screen --
  Start Time             | 2026-08-14	13:50:45.891043	1786690245.891043         
  Last Reset Time        | 2026-08-14	13:50:55.996852	1786690255.996852         
  Current Time           | 2026-08-14	13:50:55.997106	1786690255.997106         
-------------------------+---------------------------+--------------------------
  Counter Name           | Periodic value            | Cumulative value
-------------------------+---------------------------+--------------------------
  Elapsed Time           | 00:00:00:000000           | 00:00:00:000000          